<?xml version="1.0" encoding="utf-8"?><testsuites><testsuite name="pytest" errors="0" failures="0" skipped="0" tests="0" time="0" timestamp="" hostname=""><testcase classname="tests.SimpleTest" name="test_pass" time="0.0" /><testcase classname="tests.SimpleTest" name="test_skipped" time="0.000"><skipped type="pytest.skip" message="demonstrating skipping">